  [lstm seed1] epoch  1 loss 1.783 val_acc 0.290 val_f1 0.204 (122s)
  [lstm seed1] epoch  2 loss 1.677 val_acc 0.342 val_f1 0.286 (236s)
  [lstm seed1] epoch  3 loss 1.513 val_acc 0.407 val_f1 0.317 (469s)
  [lstm seed1] epoch  4 loss 1.427 val_acc 0.518 val_f1 0.481 (779s)
  [lstm seed1] epoch  5 loss 1.323 val_acc 0.501 val_f1 0.447 (932s)
  [lstm seed1] epoch  6 loss 1.246 val_acc 0.525 val_f1 0.491 (1065s)
  [lstm seed1] epoch  7 loss 1.194 val_acc 0.540 val_f1 0.520 (1214s)
  [lstm seed1] epoch  8 loss 1.088 val_acc 0.528 val_f1 0.498 (1373s)
  [lstm seed1] epoch  9 loss 1.027 val_acc 0.571 val_f1 0.536 (1505s)
  [lstm seed1] epoch 10 loss 0.968 val_acc 0.557 val_f1 0.542 (1630s)
  [lstm seed1] epoch 11 loss 0.894 val_acc 0.551 val_f1 0.548 (1745s)
  [lstm seed1] epoch 12 loss 0.830 val_acc 0.562 val_f1 0.554 (1854s)
  [lstm seed1] epoch 13 loss 0.758 val_acc 0.547 val_f1 0.533 (1989s)
  [lstm seed1] epoch 14 loss 0.719 val_acc 0.535 val_f1 0.514 (2106s)
  [lstm seed1] epoch 15 loss 0.644 val_acc 0.550 val_f1 0.535 (2225s)
lstm output       seed1: test acc 0.585  macro-F1 0.569 (best epoch 12, 2230s)
  [lstm seed2] epoch  1 loss 1.777 val_acc 0.333 val_f1 0.274 (125s)
  [lstm seed2] epoch  2 loss 1.656 val_acc 0.371 val_f1 0.265 (258s)
  [lstm seed2] epoch  1 loss 1.777 val_acc 0.333 val_f1 0.274 (134s)
  [lstm seed2] epoch  2 loss 1.656 val_acc 0.371 val_f1 0.265 (269s)
  [lstm seed2] epoch  3 loss 1.501 val_acc 0.411 val_f1 0.340 (390s)
  [lstm seed2] epoch  4 loss 1.403 val_acc 0.494 val_f1 0.465 (515s)
  [lstm seed2] epoch  5 loss 1.319 val_acc 0.489 val_f1 0.453 (655s)
  [lstm seed2] epoch  6 loss 1.217 val_acc 0.526 val_f1 0.492 (788s)
  [lstm seed2] epoch  7 loss 1.136 val_acc 0.543 val_f1 0.502 (927s)
  [lstm seed2] epoch  8 loss 1.089 val_acc 0.542 val_f1 0.523 (1071s)
  [lstm seed2] epoch  9 loss 1.006 val_acc 0.517 val_f1 0.473 (1208s)
  [lstm seed2] epoch 10 loss 0.945 val_acc 0.544 val_f1 0.531 (1352s)
  [lstm seed2] epoch 11 loss 0.874 val_acc 0.519 val_f1 0.495 (1485s)
  [lstm seed2] epoch 12 loss 0.836 val_acc 0.551 val_f1 0.531 (1624s)
  [lstm seed2] epoch 13 loss 0.763 val_acc 0.557 val_f1 0.544 (1765s)
  [lstm seed2] epoch 14 loss 0.718 val_acc 0.564 val_f1 0.563 (1911s)
  [lstm seed2] epoch 15 loss 0.682 val_acc 0.551 val_f1 0.544 (2068s)
lstm output       seed2: test acc 0.589  macro-F1 0.582 (best epoch 14, 2073s)
  [lstm seed3] epoch  1 loss 1.787 val_acc 0.335 val_f1 0.328 (160s)
  [lstm seed3] epoch  2 loss 1.669 val_acc 0.385 val_f1 0.316 (312s)
  [lstm seed3] epoch  3 loss 1.525 val_acc 0.450 val_f1 0.418 (458s)
  [lstm seed3] epoch  4 loss 1.461 val_acc 0.503 val_f1 0.470 (608s)
  [lstm seed3] epoch  5 loss 1.366 val_acc 0.499 val_f1 0.468 (747s)
  [lstm seed3] epoch  6 loss 1.244 val_acc 0.528 val_f1 0.487 (889s)
  [lstm seed3] epoch  7 loss 1.155 val_acc 0.543 val_f1 0.515 (1046s)
  [lstm seed3] epoch  8 loss 1.055 val_acc 0.569 val_f1 0.544 (1205s)
  [lstm seed3] epoch  9 loss 1.003 val_acc 0.564 val_f1 0.530 (1347s)
  [lstm seed3] epoch 10 loss 0.926 val_acc 0.567 val_f1 0.552 (1493s)
  [lstm seed3] epoch 11 loss 0.863 val_acc 0.543 val_f1 0.514 (1640s)
  [lstm seed3] epoch 12 loss 0.784 val_acc 0.540 val_f1 0.520 (1889s)
  [lstm seed1] epoch  1 loss 1.790 val_acc 0.308 val_f1 0.208 (324s)
  [lstm seed3] epoch 13 loss 0.728 val_acc 0.578 val_f1 0.575 (2158s)
  [lstm seed1] epoch  2 loss 1.701 val_acc 0.325 val_f1 0.253 (633s)
  [lstm seed3] epoch 14 loss 0.680 val_acc 0.575 val_f1 0.554 (2420s)
  [lstm seed1] epoch  3 loss 1.547 val_acc 0.375 val_f1 0.284 (949s)
  [lstm seed3] epoch 15 loss 0.620 val_acc 0.542 val_f1 0.521 (2690s)
lstm output       seed3: test acc 0.615  macro-F1 0.612 (best epoch 13, 2695s)
                   test_acc        test_macro_f1       
                       mean    std          mean    std
mode         model                                     
input        cnn      0.167  0.000         0.123  0.012
input_output cnn      0.647  0.012         0.630  0.010
output       cnn      0.630  0.021         0.619  0.026
             lstm     0.596  0.016         0.588  0.022
  [lstm seed1] epoch  4 loss 1.449 val_acc 0.461 val_f1 0.434 (1166s)
  [lstm seed1] epoch  5 loss 1.361 val_acc 0.464 val_f1 0.405 (1412s)
  [lstm seed1] epoch  6 loss 1.286 val_acc 0.487 val_f1 0.435 (1621s)
  [lstm seed1] epoch  7 loss 1.212 val_acc 0.536 val_f1 0.518 (1835s)
  [lstm seed1] epoch  8 loss 1.166 val_acc 0.542 val_f1 0.509 (2053s)
  [lstm seed1] epoch  9 loss 1.089 val_acc 0.543 val_f1 0.496 (2273s)
  [lstm seed1] epoch 10 loss 1.036 val_acc 0.562 val_f1 0.534 (2514s)
  [lstm seed1] epoch 11 loss 0.977 val_acc 0.575 val_f1 0.558 (2735s)
  [lstm seed1] epoch 12 loss 0.936 val_acc 0.554 val_f1 0.542 (2958s)
  [lstm seed1] epoch 13 loss 0.891 val_acc 0.518 val_f1 0.497 (3183s)
  [lstm seed1] epoch 14 loss 0.834 val_acc 0.533 val_f1 0.523 (3409s)
lstm input_output seed1: test acc 0.586  macro-F1 0.568 (best epoch 11, 3416s)
  [lstm seed2] epoch  1 loss 1.790 val_acc 0.333 val_f1 0.289 (232s)
  [lstm seed2] epoch  2 loss 1.689 val_acc 0.369 val_f1 0.270 (471s)
  [lstm seed1] epoch  1 loss 1.814 val_acc 0.167 val_f1 0.055 (22s)
  [lstm seed1] epoch  2 loss 1.810 val_acc 0.167 val_f1 0.062 (46s)
  [lstm seed1] epoch  3 loss 1.807 val_acc 0.167 val_f1 0.071 (67s)
  [lstm seed1] epoch  4 loss 1.807 val_acc 0.167 val_f1 0.106 (88s)
  [lstm seed1] epoch  5 loss 1.804 val_acc 0.167 val_f1 0.110 (111s)
  [lstm seed1] epoch  6 loss 1.806 val_acc 0.167 val_f1 0.104 (132s)
  [lstm seed1] epoch  7 loss 1.802 val_acc 0.167 val_f1 0.086 (152s)
  [lstm seed1] epoch  8 loss 1.805 val_acc 0.167 val_f1 0.109 (173s)
lstm input        seed1: test acc 0.167  macro-F1 0.111 (best epoch 5, 175s)
                   test_acc        test_macro_f1       
                       mean    std          mean    std
mode         model                                     
input        cnn      0.167  0.000         0.123  0.012
             lstm     0.167    NaN         0.111    NaN
input_output cnn      0.647  0.012         0.630  0.010
             lstm     0.586    NaN         0.568    NaN
output       cnn      0.630  0.021         0.619  0.026
             lstm     0.596  0.016         0.588  0.022
