  [cnn seed1] epoch  1 loss 1.999 val_acc 0.403 val_f1 0.352 (26s)
  [cnn seed1] epoch  2 loss 1.592 val_acc 0.504 val_f1 0.461 (47s)
  [cnn seed1] epoch  3 loss 1.444 val_acc 0.590 val_f1 0.575 (69s)
  [cnn seed1] epoch  4 loss 1.324 val_acc 0.583 val_f1 0.562 (91s)
  [cnn seed1] epoch  5 loss 1.263 val_acc 0.588 val_f1 0.585 (111s)
  [cnn seed1] epoch  6 loss 1.187 val_acc 0.615 val_f1 0.599 (132s)
  [cnn seed1] epoch  7 loss 1.155 val_acc 0.621 val_f1 0.596 (153s)
  [cnn seed1] epoch  8 loss 1.112 val_acc 0.618 val_f1 0.592 (175s)
  [cnn seed1] epoch  9 loss 1.051 val_acc 0.642 val_f1 0.607 (196s)
  [cnn seed1] epoch 10 loss 1.021 val_acc 0.601 val_f1 0.598 (217s)
  [cnn seed1] epoch 11 loss 0.971 val_acc 0.636 val_f1 0.637 (237s)
  [cnn seed1] epoch 12 loss 0.930 val_acc 0.614 val_f1 0.623 (258s)
  [cnn seed1] epoch 13 loss 0.911 val_acc 0.647 val_f1 0.645 (284s)
  [cnn seed1] epoch 14 loss 0.854 val_acc 0.671 val_f1 0.661 (326s)
  [cnn seed1] epoch 15 loss 0.797 val_acc 0.644 val_f1 0.651 (369s)
cnn  output       seed1: test acc 0.652  macro-F1 0.635 (best epoch 14, 376s)
  [cnn seed2] epoch  1 loss 1.971 val_acc 0.412 val_f1 0.374 (45s)
  [cnn seed2] epoch  2 loss 1.587 val_acc 0.511 val_f1 0.462 (82s)
  [cnn seed2] epoch  3 loss 1.436 val_acc 0.537 val_f1 0.535 (117s)
  [cnn seed2] epoch  4 loss 1.345 val_acc 0.589 val_f1 0.566 (161s)
  [cnn seed2] epoch  5 loss 1.266 val_acc 0.556 val_f1 0.526 (203s)
  [cnn seed2] epoch  6 loss 1.229 val_acc 0.592 val_f1 0.580 (246s)
  [cnn seed2] epoch  7 loss 1.152 val_acc 0.594 val_f1 0.564 (289s)
  [cnn seed2] epoch  8 loss 1.108 val_acc 0.614 val_f1 0.603 (333s)
  [cnn seed2] epoch  9 loss 1.090 val_acc 0.597 val_f1 0.597 (377s)
  [cnn seed2] epoch 10 loss 1.033 val_acc 0.614 val_f1 0.603 (406s)
  [cnn seed2] epoch 11 loss 0.982 val_acc 0.640 val_f1 0.648 (443s)
  [cnn seed2] epoch 12 loss 0.934 val_acc 0.636 val_f1 0.642 (466s)
  [cnn seed2] epoch 13 loss 0.885 val_acc 0.644 val_f1 0.634 (489s)
  [cnn seed2] epoch 14 loss 0.806 val_acc 0.581 val_f1 0.580 (512s)
cnn  output       seed2: test acc 0.628  macro-F1 0.633 (best epoch 11, 517s)
  [cnn seed3] epoch  1 loss 1.976 val_acc 0.424 val_f1 0.377 (22s)
  [cnn seed3] epoch  2 loss 1.626 val_acc 0.517 val_f1 0.469 (44s)
  [cnn seed3] epoch  3 loss 1.462 val_acc 0.553 val_f1 0.508 (65s)
  [cnn seed3] epoch  4 loss 1.334 val_acc 0.568 val_f1 0.525 (91s)
  [cnn seed3] epoch  5 loss 1.265 val_acc 0.569 val_f1 0.525 (113s)
  [cnn seed3] epoch  6 loss 1.200 val_acc 0.569 val_f1 0.543 (134s)
  [cnn seed3] epoch  7 loss 1.185 val_acc 0.603 val_f1 0.558 (156s)
  [cnn seed3] epoch  8 loss 1.113 val_acc 0.624 val_f1 0.603 (177s)
  [cnn seed3] epoch  9 loss 1.088 val_acc 0.636 val_f1 0.617 (200s)
  [cnn seed3] epoch 10 loss 1.008 val_acc 0.614 val_f1 0.588 (222s)
  [cnn seed3] epoch 11 loss 0.979 val_acc 0.608 val_f1 0.606 (244s)
  [cnn seed3] epoch 12 loss 0.947 val_acc 0.632 val_f1 0.617 (272s)
cnn  output       seed3: test acc 0.609  macro-F1 0.588 (best epoch 9, 275s)
  [cnn seed1] epoch  1 loss 2.098 val_acc 0.167 val_f1 0.122 (10s)
  [cnn seed1] epoch  2 loss 1.979 val_acc 0.167 val_f1 0.103 (25s)
  [cnn seed1] epoch  3 loss 1.931 val_acc 0.167 val_f1 0.132 (37s)
  [cnn seed1] epoch  4 loss 1.900 val_acc 0.167 val_f1 0.091 (47s)
  [cnn seed1] epoch  5 loss 1.878 val_acc 0.167 val_f1 0.086 (57s)
  [cnn seed1] epoch  6 loss 1.861 val_acc 0.167 val_f1 0.099 (68s)
cnn  input        seed1: test acc 0.167  macro-F1 0.125 (best epoch 3, 69s)
  [cnn seed2] epoch  1 loss 2.106 val_acc 0.167 val_f1 0.059 (10s)
  [cnn seed2] epoch  2 loss 1.965 val_acc 0.167 val_f1 0.113 (29s)
  [cnn seed2] epoch  3 loss 1.926 val_acc 0.167 val_f1 0.080 (41s)
  [cnn seed2] epoch  4 loss 1.890 val_acc 0.167 val_f1 0.080 (56s)
  [cnn seed2] epoch  5 loss 1.873 val_acc 0.167 val_f1 0.112 (67s)
cnn  input        seed2: test acc 0.167  macro-F1 0.110 (best epoch 2, 67s)
  [cnn seed3] epoch  1 loss 2.103 val_acc 0.167 val_f1 0.093 (10s)
  [cnn seed3] epoch  2 loss 1.998 val_acc 0.167 val_f1 0.117 (20s)
  [cnn seed3] epoch  3 loss 1.930 val_acc 0.167 val_f1 0.082 (30s)
  [cnn seed3] epoch  4 loss 1.901 val_acc 0.167 val_f1 0.099 (40s)
  [cnn seed3] epoch  5 loss 1.875 val_acc 0.167 val_f1 0.135 (51s)
  [cnn seed3] epoch  6 loss 1.865 val_acc 0.167 val_f1 0.090 (61s)
  [cnn seed3] epoch  7 loss 1.877 val_acc 0.167 val_f1 0.110 (71s)
  [cnn seed3] epoch  8 loss 1.857 val_acc 0.167 val_f1 0.130 (82s)
cnn  input        seed3: test acc 0.167  macro-F1 0.134 (best epoch 5, 83s)
  [cnn seed1] epoch  1 loss 1.995 val_acc 0.388 val_f1 0.339 (30s)
  [cnn seed1] epoch  2 loss 1.600 val_acc 0.517 val_f1 0.481 (59s)
  [cnn seed1] epoch  3 loss 1.450 val_acc 0.556 val_f1 0.508 (86s)
  [cnn seed1] epoch  4 loss 1.317 val_acc 0.603 val_f1 0.565 (113s)
  [cnn seed1] epoch  5 loss 1.254 val_acc 0.610 val_f1 0.596 (140s)
  [cnn seed1] epoch  6 loss 1.247 val_acc 0.614 val_f1 0.598 (167s)
  [cnn seed1] epoch  7 loss 1.137 val_acc 0.642 val_f1 0.616 (193s)
  [cnn seed1] epoch  8 loss 1.112 val_acc 0.626 val_f1 0.593 (220s)
  [cnn seed1] epoch  9 loss 1.066 val_acc 0.640 val_f1 0.602 (247s)
  [cnn seed1] epoch 10 loss 1.023 val_acc 0.610 val_f1 0.602 (273s)
cnn  input_output seed1: test acc 0.642  macro-F1 0.624 (best epoch 7, 277s)
  [cnn seed2] epoch  1 loss 1.977 val_acc 0.415 val_f1 0.352 (26s)
  [cnn seed2] epoch  2 loss 1.643 val_acc 0.511 val_f1 0.486 (52s)
  [cnn seed2] epoch  3 loss 1.454 val_acc 0.529 val_f1 0.512 (78s)
  [cnn seed2] epoch  4 loss 1.370 val_acc 0.601 val_f1 0.568 (103s)
  [cnn seed2] epoch  5 loss 1.275 val_acc 0.594 val_f1 0.556 (129s)
  [cnn seed2] epoch  6 loss 1.229 val_acc 0.600 val_f1 0.593 (154s)
  [cnn seed2] epoch  7 loss 1.161 val_acc 0.582 val_f1 0.546 (180s)
  [cnn seed2] epoch  8 loss 1.127 val_acc 0.631 val_f1 0.611 (205s)
  [cnn seed2] epoch  9 loss 1.060 val_acc 0.619 val_f1 0.609 (233s)
  [cnn seed2] epoch 10 loss 1.037 val_acc 0.624 val_f1 0.596 (261s)
  [cnn seed2] epoch 11 loss 1.000 val_acc 0.643 val_f1 0.628 (293s)
  [cnn seed2] epoch 12 loss 0.972 val_acc 0.642 val_f1 0.645 (325s)
  [cnn seed2] epoch 13 loss 0.900 val_acc 0.667 val_f1 0.651 (351s)
  [cnn seed2] epoch 14 loss 0.874 val_acc 0.646 val_f1 0.647 (377s)
  [cnn seed2] epoch 15 loss 0.828 val_acc 0.650 val_f1 0.647 (403s)
cnn  input_output seed2: test acc 0.661  macro-F1 0.641 (best epoch 13, 407s)
  [cnn seed3] epoch  1 loss 2.000 val_acc 0.396 val_f1 0.334 (27s)
  [cnn seed3] epoch  2 loss 1.641 val_acc 0.511 val_f1 0.453 (54s)
  [cnn seed3] epoch  3 loss 1.463 val_acc 0.562 val_f1 0.535 (79s)
  [cnn seed3] epoch  4 loss 1.355 val_acc 0.581 val_f1 0.537 (106s)
  [cnn seed3] epoch  5 loss 1.281 val_acc 0.589 val_f1 0.544 (132s)
  [cnn seed3] epoch  6 loss 1.230 val_acc 0.621 val_f1 0.598 (159s)
  [cnn seed3] epoch  7 loss 1.174 val_acc 0.599 val_f1 0.562 (185s)
  [cnn seed3] epoch  8 loss 1.127 val_acc 0.632 val_f1 0.623 (212s)
  [cnn seed3] epoch  9 loss 1.103 val_acc 0.615 val_f1 0.600 (239s)
  [cnn seed3] epoch 10 loss 1.032 val_acc 0.637 val_f1 0.617 (265s)
  [cnn seed3] epoch 11 loss 0.977 val_acc 0.617 val_f1 0.613 (292s)
cnn  input_output seed3: test acc 0.638  macro-F1 0.626 (best epoch 8, 296s)
                   test_acc        test_macro_f1       
                       mean    std          mean    std
mode         model                                     
input        cnn      0.167  0.000         0.123  0.012
input_output cnn      0.647  0.012         0.630  0.010
output       cnn      0.630  0.021         0.619  0.026
             lstm     0.585    NaN         0.569    NaN
